<?xml version="1.0" encoding="UTF-8"?>
<testsuites name="jest tests" tests="16" failures="0" time="6.131">
  <testsuite name="src/__tests__/KeyDown.test.tsx" errors="0" failures="0" skipped="0" timestamp="2021-07-26T20:59:06" time="1.75" tests="1">
    <testcase classname="KeyDown.test.tsx" name="should render correctly" time="0.008">
    </testcase>
  </testsuite>
  <testsuite name="src/TreeMenu/__tests__/renderProps.test.tsx" errors="0" failures="0" skipped="0" timestamp="2021-07-26T20:59:06" time="1.829" tests="3">
    <testcase classname="renderProps.test.tsx" name="should render without the toggle icon" time="0.06">
    </testcase>
    <testcase classname="renderProps.test.tsx" name="should render the toggle icon with &quot;on&quot; equals to true" time="0.009">
    </testcase>
    <testcase classname="renderProps.test.tsx" name="should render the toggle icon with &quot;on&quot; equals to false" time="0.006">
    </testcase>
  </testsuite>
  <testsuite name="src/TreeMenu/__tests__/TreeMenu.test.tsx" errors="0" failures="0" skipped="0" timestamp="2021-07-26T20:59:06" time="1.842" tests="4">
    <testcase classname="TreeMenu.test.tsx" name="should render the level-1 nodes by default" time="0.05">
    </testcase>
    <testcase classname="TreeMenu.test.tsx" name="should open specified nodes" time="0.01">
    </testcase>
    <testcase classname="TreeMenu.test.tsx" name="should highlight the active node" time="0.009">
    </testcase>
    <testcase classname="TreeMenu.test.tsx" name="should trigger onClickItem when a node is clicked" time="0.006">
    </testcase>
  </testsuite>
  <testsuite name="src/TreeMenu/__tests__/walk.test.tsx" errors="0" failures="0" skipped="0" timestamp="2021-07-26T20:59:06" time="3.654" tests="8">
    <testcase classname="walk.test.tsx" name="should transpose the data object to a desired shape" time="0.003">
    </testcase>
    <testcase classname="walk.test.tsx" name="should transpose the data array to a desired shape" time="0.001">
    </testcase>
    <testcase classname="walk.test.tsx" name="should transpose the data object with supplied hasNodes" time="0.001">
    </testcase>
    <testcase classname="walk.test.tsx" name="should transpose the data array with supplied hasNodes" time="0">
    </testcase>
    <testcase classname="walk.test.tsx" name="should transpose the data object to a desired shape" time="0.001">
    </testcase>
    <testcase classname="walk.test.tsx" name="should transpose the data array to a desired shape" time="0">
    </testcase>
    <testcase classname="walk.test.tsx" name="should transpose the data object with supplied hasNodes" time="0.001">
    </testcase>
    <testcase classname="walk.test.tsx" name="should transpose the data array with supplied hasNodes" time="0">
    </testcase>
  </testsuite>
</testsuites>